{"time": "2026-07-06 16:53:23", "source": "fred", "symbols": ["OPHNFB"], "start": "2020-01-01", "end": null, "sub_field": null, "frequency": null}
{"time": "2026-07-06 16:53:42", "source": "fred", "symbols": ["PRS30006091"], "start": "2020-01-01", "end": null, "sub_field": null, "frequency": null}
{"time": "2026-07-06 16:53:43", "source": "fred", "symbols": ["PRS85006111"], "start": "2020-01-01", "end": null, "sub_field": null, "frequency": null}
{"time": "2026-07-06 16:53:43", "source": "fred", "symbols": ["PRS30006111"], "start": "2020-01-01", "end": null, "sub_field": null, "frequency": null}
{"time": "2026-07-06 16:53:44", "source": "fred", "symbols": ["JTS1000QUR"], "start": "2020-01-01", "end": null, "sub_field": null, "frequency": null}
{"time": "2026-07-06 16:53:44", "source": "fred", "symbols": ["CPILFESL"], "start": "2020-01-01", "end": null, "sub_field": null, "frequency": null}
{"time": "2026-07-06 16:53:45", "source": "fred", "symbols": ["CPIAUCSL"], "start": "2020-01-01", "end": null, "sub_field": null, "frequency": null}
{"time": "2026-07-06 16:53:45", "source": "fred", "symbols": ["PCEPILFE"], "start": "2020-01-01", "end": null, "sub_field": null, "frequency": null}
{"time": "2026-07-06 16:53:46", "source": "fred", "symbols": ["PCEPI"], "start": "2020-01-01", "end": null, "sub_field": null, "frequency": null}
{"time": "2026-07-06 16:53:46", "source": "fred", "symbols": ["DRTSCILM"], "start": "2020-01-01", "end": null, "sub_field": null, "frequency": null}
{"time": "2026-07-06 16:53:47", "source": "fred", "symbols": ["NEWORDER"], "start": "2020-01-01", "end": null, "sub_field": null, "frequency": null}
{"time": "2026-07-06 16:53:47", "source": "fred", "symbols": ["B985RC1Q027SBEA"], "start": "2020-01-01", "end": null, "sub_field": null, "frequency": null}
{"time": "2026-07-06 16:53:47", "source": "fred", "symbols": ["Y006RC1Q027SBEA"], "start": "2020-01-01", "end": null, "sub_field": null, "frequency": null}
{"time": "2026-07-06 16:53:48", "source": "fred", "symbols": ["Y001RC1Q027SBEA"], "start": "2020-01-01", "end": null, "sub_field": null, "frequency": null}
{"time": "2026-07-06 16:53:48", "source": "fred", "symbols": ["GDP"], "start": "2020-01-01", "end": null, "sub_field": null, "frequency": null}
{"time": "2026-07-06 16:53:49", "source": "fred", "symbols": ["GDPDEF"], "start": "2020-01-01", "end": null, "sub_field": null, "frequency": null}
{"time": "2026-07-06 16:53:49", "source": "fred", "symbols": ["INDPRO"], "start": "2020-01-01", "end": null, "sub_field": null, "frequency": null}
{"time": "2026-07-06 16:53:49", "source": "fred", "symbols": ["AWHAEMAN"], "start": "2020-01-01", "end": null, "sub_field": null, "frequency": null}
{"time": "2026-07-06 16:53:50", "source": "fred", "symbols": ["TCU"], "start": "2020-01-01", "end": null, "sub_field": null, "frequency": null}
{"time": "2026-07-06 16:53:50", "source": "fred", "symbols": ["IPDBS"], "start": "2020-01-01", "end": null, "sub_field": null, "frequency": null}
{"time": "2026-07-06 16:53:51", "source": "fred", "symbols": ["Y033RC1Q027SBEA"], "start": "2020-01-01", "end": null, "sub_field": null, "frequency": null}
{"time": "2026-07-06 16:53:51", "source": "fred", "symbols": ["A053RC1Q027SBEA"], "start": "2020-01-01", "end": null, "sub_field": null, "frequency": null}
{"time": "2026-07-06 17:03:01", "source": "fred", "symbols": ["PERMIT", "BAMLH0A0HYM2", "JTSJOL", "ISRATIO", "DGS10", "DGS2", "DGS30", "T10Y2Y", "M2REAL", "RSXFS", "RRSFS", "CIVPART", "STLFSI4", "ICSA", "IURSA", "SAHMCURRENT"], "start": null, "end": null, "sub_field": null, "frequency": null}
{"time": "2026-07-06 17:03:18", "source": "tw_pmi", "symbols": ["製造業PMI", "新增訂單數量", "客戶存貨(%)"], "start": null, "end": null, "sub_field": null, "frequency": null}
{"time": "2026-07-06 17:03:22", "source": "mql5", "symbols": ["china_caixin_composite_pmi", "china_caixin_manufacturing_pmi", "eu_markit_composite_pmi", "eu_markit_manufacturing_pmi", "us_ism_manufacturing_pmi", "us_markit_manufacturing_pmi", "us_markit_composite_pmi"], "start": null, "end": null, "sub_field": null, "frequency": null}
{"time": "2026-07-06 17:08:36", "source": "fred", "symbols": ["DFF", "AMTMNO", "DGORDER", "ADEFNO", "BUSINV", "RETAILIRSA", "WPU1017"], "start": null, "end": null, "sub_field": null, "frequency": null}
{"time": "2026-07-06 17:08:43", "source": "tw_eco", "symbols": ["領先指標綜合指數(點)", "落後指標綜合指數(點)"], "start": null, "end": null, "sub_field": null, "frequency": null}
{"time": "2026-07-06 17:08:46", "source": "macroMicro", "symbols": ["ism-manufacturing-supplierdeliveries", "ism-manufacturing-neworders", "ism-manufacturing-customersinventories"], "start": null, "end": null, "sub_field": null, "frequency": null}
{"time": "2026-07-06 17:09:07", "source": "moea", "symbols": ["資訊與通信產品", "電子產品", "機械", "基本金屬及其製品"], "start": null, "end": null, "sub_field": null, "frequency": null}
{"time": "2026-07-06 17:09:11", "source": "mql5", "symbols": ["japan_markit_composite_pmi", "brazil_markit_composite_pmi", "india_markit_composite_pmi"], "start": null, "end": null, "sub_field": null, "frequency": null}
{"time": "2026-07-06 17:09:14", "source": "yahoo", "symbols": ["DX-Y.NYB"], "start": null, "end": null, "sub_field": null, "frequency": "daily"}
{"time": "2026-07-06 17:29:04", "source": "moea", "symbols": ["貨品類別總計"], "start": "2024-01", "end": "2024-06", "sub_field": null, "frequency": null}
{"time": "2026-07-06 17:48:45", "source": "moea", "symbols": ["貨品類別總計_美國"], "start": "2024-01", "end": "2024-06", "sub_field": null, "frequency": null}
{"time": "2026-07-06 17:49:24", "source": "moea", "symbols": ["貨品類別總計"], "start": "2024-01", "end": "2024-06", "sub_field": null, "frequency": null}
{"time": "2026-07-06 17:50:55", "source": "moea", "symbols": ["貨品類別總計"], "start": "2024-01", "end": "2024-06", "sub_field": null, "frequency": null}
{"time": "2026-07-06 17:55:26", "source": "moea", "symbols": ["貨品類別總計"], "start": "2024-01", "end": "2024-06", "sub_field": null, "frequency": null}
{"time": "2026-07-06 19:33:22", "source": "moea", "symbols": ["貨品類別總計"], "start": "2024-01", "end": "2024-03", "sub_field": null, "frequency": null}
{"time": "2026-07-06 19:36:24", "source": "moea", "symbols": ["機械"], "start": "2024-01", "end": "2024-01", "sub_field": "美國", "frequency": null}
{"time": "2026-07-06 19:36:58", "source": "moea", "symbols": ["化學品"], "start": "2024-01", "end": "2024-01", "sub_field": null, "frequency": null}
{"time": "2026-07-06 19:37:30", "source": "moea", "symbols": ["化學品"], "start": "2024-01", "end": "2024-01", "sub_field": null, "frequency": null}
{"time": "2026-07-06 19:40:46", "source": "moea", "symbols": ["化學品"], "start": "2024-01-01", "end": "2024-01-31", "sub_field": null, "frequency": null}
{"time": "2026-07-06 19:46:14", "source": "moea", "symbols": ["化學品"], "start": "2024-01-01", "end": "2024-01-31", "sub_field": "地區別總計", "frequency": null}
{"time": "2026-07-06 19:46:56", "source": "moea", "symbols": ["化學品"], "start": "2024-01-01", "end": "2024-01-31", "sub_field": null, "frequency": null}
