{"time": "2026-07-03 16:38:46", "source": "fred", "symbols": ["GDP"], "start": "2020-01-01", "end": "2020-01-02", "sub_field": null, "frequency": null}
{"time": "2026-07-03 16:39:00", "source": "fred", "symbols": ["UNRATE"], "start": "2020-01-01", "end": "2020-01-02", "sub_field": null, "frequency": null}
{"time": "2026-07-03 16:39:09", "source": "fred", "symbols": ["CPI", "PCE"], "start": "2020-01-01", "end": "2020-01-02", "sub_field": null, "frequency": null}
{"time": "2026-07-03 16:43:17", "source": "fred", "symbols": ["M2SL"], "start": "2025-01-01", "end": "2026-07-01", "sub_field": null, "frequency": null}
{"time": "2026-07-03 16:43:17", "source": "fred", "symbols": ["PCEC96"], "start": "2025-01-01", "end": "2026-07-01", "sub_field": null, "frequency": null}
{"time": "2026-07-03 16:43:18", "source": "fred", "symbols": ["POPTHM"], "start": "2025-01-01", "end": "2026-07-01", "sub_field": null, "frequency": null}
{"time": "2026-07-03 16:43:18", "source": "fred", "symbols": ["PCEDGC96"], "start": "2025-01-01", "end": "2026-07-01", "sub_field": null, "frequency": null}
{"time": "2026-07-03 16:43:19", "source": "fred", "symbols": ["PCESC96"], "start": "2025-01-01", "end": "2026-07-01", "sub_field": null, "frequency": null}
{"time": "2026-07-03 16:43:20", "source": "finra_margin", "symbols": ["debit_balances"], "start": "2025-01-01", "end": "2026-07-01", "sub_field": null, "frequency": null}
{"time": "2026-07-03 16:43:20", "source": "fred", "symbols": ["DGDSRX1"], "start": "2025-01-01", "end": "2026-07-01", "sub_field": null, "frequency": null}
{"time": "2026-07-03 16:43:20", "source": "fred", "symbols": ["PCENDC96"], "start": "2025-01-01", "end": "2026-07-01", "sub_field": null, "frequency": null}
{"time": "2026-07-03 16:43:21", "source": "fred", "symbols": ["DFXARX1M020SBEA"], "start": "2025-01-01", "end": "2026-07-01", "sub_field": null, "frequency": null}
{"time": "2026-07-03 16:43:21", "source": "finra_margin", "symbols": ["free_credit_cash"], "start": "2025-01-01", "end": "2026-07-01", "sub_field": null, "frequency": null}
{"time": "2026-07-03 16:43:21", "source": "finra_margin", "symbols": ["free_credit_margin"], "start": "2025-01-01", "end": "2026-07-01", "sub_field": null, "frequency": null}
{"time": "2026-07-03 16:43:21", "source": "fred", "symbols": ["DNRGRX1M020SBEA"], "start": "2025-01-01", "end": "2026-07-01", "sub_field": null, "frequency": null}
{"time": "2026-07-03 16:43:22", "source": "fred", "symbols": ["FEDFUNDS"], "start": "2025-01-01", "end": "2026-07-01", "sub_field": null, "frequency": null}
{"time": "2026-07-03 16:43:22", "source": "fred", "symbols": ["PSAVERT"], "start": "2025-01-01", "end": "2026-07-01", "sub_field": null, "frequency": null}
{"time": "2026-07-03 16:54:13", "source": "fred", "symbols": ["NCRCLABCA189S"], "start": "2025-01-01", "end": "2026-07-01", "sub_field": null, "frequency": null}
{"time": "2026-07-03 16:54:14", "source": "fred", "symbols": ["DCRCLABCA189S"], "start": "2025-01-01", "end": "2026-07-01", "sub_field": null, "frequency": null}
{"time": "2026-07-03 16:54:15", "source": "fred", "symbols": ["FFRR"], "start": "2025-01-01", "end": "2026-07-01", "sub_field": null, "frequency": null}
{"time": "2026-07-03 16:54:15", "source": "fred", "symbols": ["CSUSHPINSA"], "start": "2025-01-01", "end": "2026-07-01", "sub_field": null, "frequency": null}
{"time": "2026-07-03 16:54:16", "source": "fred", "symbols": ["TICKR5000"], "start": "2025-01-01", "end": "2026-07-01", "sub_field": null, "frequency": null}
{"time": "2026-07-03 16:54:55", "source": "fred", "symbols": ["W5000"], "start": "2025-01-01", "end": "2026-07-01", "sub_field": null, "frequency": null}
{"time": "2026-07-03 16:54:55", "source": "fred", "symbols": ["WIL5000TR"], "start": "2025-01-01", "end": "2026-07-01", "sub_field": null, "frequency": null}
{"time": "2026-07-03 16:54:55", "source": "fred", "symbols": ["W5000TR"], "start": "2025-01-01", "end": "2026-07-01", "sub_field": null, "frequency": null}
{"time": "2026-07-03 16:54:56", "source": "fred", "symbols": ["W5000IND"], "start": "2025-01-01", "end": "2026-07-01", "sub_field": null, "frequency": null}
{"time": "2026-07-03 16:54:56", "source": "fred", "symbols": ["W5000LIND"], "start": "2025-01-01", "end": "2026-07-01", "sub_field": null, "frequency": null}
{"time": "2026-07-03 16:54:58", "source": "fred", "symbols": ["FFRR"], "start": "2025-01-01", "end": "2026-07-01", "sub_field": null, "frequency": null}
{"time": "2026-07-03 16:54:58", "source": "fred", "symbols": ["FFRS"], "start": "2025-01-01", "end": "2026-07-01", "sub_field": null, "frequency": null}
{"time": "2026-07-03 16:54:59", "source": "fred", "symbols": ["MFEFFR"], "start": "2025-01-01", "end": "2026-07-01", "sub_field": null, "frequency": null}
{"time": "2026-07-03 16:54:59", "source": "fred", "symbols": ["IFEDFUNDS"], "start": "2025-01-01", "end": "2026-07-01", "sub_field": null, "frequency": null}
{"time": "2026-07-03 16:54:59", "source": "fred", "symbols": ["RFFR"], "start": "2025-01-01", "end": "2026-07-01", "sub_field": null, "frequency": null}
{"time": "2026-07-03 16:55:02", "source": "fred", "symbols": ["CRCLN"], "start": "2025-01-01", "end": "2026-07-01", "sub_field": null, "frequency": null}
{"time": "2026-07-03 16:55:02", "source": "fred", "symbols": ["NCRCLABCA189S"], "start": "2025-01-01", "end": "2026-07-01", "sub_field": null, "frequency": null}
{"time": "2026-07-03 16:55:02", "source": "fred", "symbols": ["NCRCLABCA189SA"], "start": "2025-01-01", "end": "2026-07-01", "sub_field": null, "frequency": null}
{"time": "2026-07-03 16:55:03", "source": "fred", "symbols": ["CRCLABCA189S"], "start": "2025-01-01", "end": "2026-07-01", "sub_field": null, "frequency": null}
{"time": "2026-07-03 16:55:03", "source": "fred", "symbols": ["NCRCLABCA"], "start": "2025-01-01", "end": "2026-07-01", "sub_field": null, "frequency": null}
{"time": "2026-07-03 16:55:04", "source": "fred", "symbols": ["NCRCLABCA189SA189S"], "start": "2025-01-01", "end": "2026-07-01", "sub_field": null, "frequency": null}
{"time": "2026-07-03 16:56:25", "source": "fred", "symbols": ["CCLACBW027SBOG"], "start": "2025-01-01", "end": "2026-07-01", "sub_field": null, "frequency": null}
{"time": "2026-07-03 16:56:25", "source": "fred", "symbols": ["DRCCLACBS"], "start": "2025-01-01", "end": "2026-07-01", "sub_field": null, "frequency": null}
{"time": "2026-07-03 16:56:26", "source": "fred", "symbols": ["DFII10"], "start": "2025-01-01", "end": "2026-07-01", "sub_field": null, "frequency": null}
{"time": "2026-07-03 16:56:26", "source": "fred", "symbols": ["T10YIE"], "start": "2025-01-01", "end": "2026-07-01", "sub_field": null, "frequency": null}
{"time": "2026-07-03 16:56:49", "source": "yahoo", "symbols": ["W5000"], "start": "2025-01-01", "end": "2026-07-01", "sub_field": null, "frequency": "weekly"}
{"time": "2026-07-03 16:56:59", "source": "yahoo", "symbols": ["SPX"], "start": "2025-01-01", "end": "2026-07-01", "sub_field": null, "frequency": "weekly"}
{"time": "2026-07-03 16:57:05", "source": "yahoo", "symbols": ["^GSPC"], "start": "2025-01-01", "end": "2026-07-01", "sub_field": null, "frequency": "weekly"}
{"time": "2026-07-03 18:51:34", "source": "tw_pmi", "symbols": ["存貨(%)", "客戶存貨(%)", "新增訂單數量", "供應商交貨時間(%)"], "start": null, "end": "2025-06-30", "sub_field": null, "frequency": null}
{"time": "2026-07-03 18:51:37", "source": "fred", "symbols": ["RETAILIRSA", "BUSINV", "ISRATIO", "MNFCTRIRSA", "WHLSLRIRSA", "RSXFS"], "start": null, "end": "2025-06-30", "sub_field": null, "frequency": null}
{"time": "2026-07-03 18:51:39", "source": "moea", "symbols": ["資訊與通信產品"], "start": null, "end": "2025-06-30", "sub_field": null, "frequency": null}
{"time": "2026-07-03 18:51:41", "source": "akshare", "symbols": ["wci"], "start": null, "end": "2025-06-30", "sub_field": null, "frequency": null}
{"time": "2026-07-03 18:52:38", "source": "fred", "symbols": ["DFF", "BAMLH0A0HYM2"], "start": "2025-01-01", "end": "2025-06-30", "sub_field": null, "frequency": null}
{"time": "2026-07-03 19:03:32", "source": "fred", "symbols": ["STICKCPIM159SFRBATL"], "start": "2024-01-01", "end": "2025-01-01", "sub_field": null, "frequency": null}
{"time": "2026-07-03 19:03:33", "source": "fred", "symbols": ["CORESTICKM159SFRBATL"], "start": "2024-01-01", "end": "2025-01-01", "sub_field": null, "frequency": null}
{"time": "2026-07-03 19:03:33", "source": "fred", "symbols": ["FLEXCPIM159SFRBATL"], "start": "2024-01-01", "end": "2025-01-01", "sub_field": null, "frequency": null}
{"time": "2026-07-03 19:03:34", "source": "fred", "symbols": ["COREFLEXCPIM159SFRBATL"], "start": "2024-01-01", "end": "2025-01-01", "sub_field": null, "frequency": null}
{"time": "2026-07-03 19:03:34", "source": "fred", "symbols": ["GDPDEF"], "start": "2024-01-01", "end": "2025-01-01", "sub_field": null, "frequency": null}
{"time": "2026-07-03 19:03:35", "source": "fred", "symbols": ["IPDBS"], "start": "2024-01-01", "end": "2025-01-01", "sub_field": null, "frequency": null}
{"time": "2026-07-03 19:03:35", "source": "fred", "symbols": ["CPILFESL"], "start": "2024-01-01", "end": "2025-01-01", "sub_field": null, "frequency": null}
{"time": "2026-07-03 19:03:36", "source": "fred", "symbols": ["CPIAUCSL"], "start": "2024-01-01", "end": "2025-01-01", "sub_field": null, "frequency": null}
{"time": "2026-07-03 19:03:36", "source": "fred", "symbols": ["PCEPILFE"], "start": "2024-01-01", "end": "2025-01-01", "sub_field": null, "frequency": null}
{"time": "2026-07-03 19:03:37", "source": "fred", "symbols": ["PCEPI"], "start": "2024-01-01", "end": "2025-01-01", "sub_field": null, "frequency": null}
{"time": "2026-07-03 19:03:37", "source": "fred", "symbols": ["CEU3000000003"], "start": "2024-01-01", "end": "2025-01-01", "sub_field": null, "frequency": null}
{"time": "2026-07-03 19:03:37", "source": "fred", "symbols": ["CES5000000003"], "start": "2024-01-01", "end": "2025-01-01", "sub_field": null, "frequency": null}
{"time": "2026-07-03 19:03:38", "source": "fred", "symbols": ["CES0800000003"], "start": "2024-01-01", "end": "2025-01-01", "sub_field": null, "frequency": null}
{"time": "2026-07-03 19:03:38", "source": "fred", "symbols": ["PRS85006111"], "start": "2024-01-01", "end": "2025-01-01", "sub_field": null, "frequency": null}
{"time": "2026-07-03 19:03:39", "source": "fred", "symbols": ["PRS85006091"], "start": "2024-01-01", "end": "2025-01-01", "sub_field": null, "frequency": null}
{"time": "2026-07-03 19:03:39", "source": "fred", "symbols": ["CUSR0000SEHC01"], "start": "2024-01-01", "end": "2025-01-01", "sub_field": null, "frequency": null}
{"time": "2026-07-03 19:03:39", "source": "fred", "symbols": ["CMRMTSPL"], "start": "2024-01-01", "end": "2025-01-01", "sub_field": null, "frequency": null}
{"time": "2026-07-03 19:04:01", "source": "fred", "symbols": ["T10YIE"], "start": "2024-06-01", "end": "2024-07-01", "sub_field": null, "frequency": null}
{"time": "2026-07-03 19:04:06", "source": "fred", "symbols": ["CES3000000003"], "start": "2024-01-01", "end": "2025-01-01", "sub_field": null, "frequency": null}
{"time": "2026-07-03 19:04:10", "source": "zillow", "symbols": ["ZORI"], "start": "2024-01-01", "end": "2025-01-01", "sub_field": null, "frequency": null}
{"time": "2026-07-03 19:04:12", "source": "macroMicro", "symbols": ["us-new-tenant-rent-index"], "start": "2024-01-01", "end": "2025-01-01", "sub_field": null, "frequency": null}
{"time": "2026-07-03 19:04:37", "source": "fred", "symbols": ["CES0500000003"], "start": "2024-01-01", "end": "2024-01-01", "sub_field": null, "frequency": null}
{"time": "2026-07-03 19:04:38", "source": "fred", "symbols": ["CES1100000003"], "start": "2024-01-01", "end": "2024-01-01", "sub_field": null, "frequency": null}
{"time": "2026-07-03 19:05:02", "source": "fred", "symbols": ["T10YZMUP"], "start": "2024-01-01", "end": "2026-07-01", "sub_field": null, "frequency": null}
{"time": "2026-07-03 19:05:03", "source": "fred", "symbols": ["MICH"], "start": "2024-01-01", "end": "2026-07-01", "sub_field": null, "frequency": null}
{"time": "2026-07-03 19:05:09", "source": "fred", "symbols": ["STICKCPISFRBATL"], "start": "2024-01-01", "end": "2025-01-01", "sub_field": null, "frequency": null}
{"time": "2026-07-03 19:05:25", "source": "fred", "symbols": ["T5YIE"], "start": "2024-01-01", "end": "2026-07-01", "sub_field": null, "frequency": null}
{"time": "2026-07-03 19:05:25", "source": "fred", "symbols": ["T5Y5Y"], "start": "2024-01-01", "end": "2026-07-01", "sub_field": null, "frequency": null}
{"time": "2026-07-03 19:05:32", "source": "fred", "symbols": ["MICIEXPT"], "start": "2024-01-01", "end": "2026-07-01", "sub_field": null, "frequency": null}
{"time": "2026-07-03 19:05:32", "source": "fred", "symbols": ["MIEXPE"], "start": "2024-01-01", "end": "2026-07-01", "sub_field": null, "frequency": null}
{"time": "2026-07-03 19:05:33", "source": "fred", "symbols": ["DCGEP"], "start": "2024-01-01", "end": "2026-07-01", "sub_field": null, "frequency": null}
{"time": "2026-07-03 19:05:48", "source": "fred", "symbols": ["USSMSEEI"], "start": "2024-01-01", "end": "2026-07-01", "sub_field": null, "frequency": null}
{"time": "2026-07-03 19:05:48", "source": "fred", "symbols": ["MICH1YR"], "start": "2024-01-01", "end": "2026-07-01", "sub_field": null, "frequency": null}
{"time": "2026-07-03 19:05:49", "source": "fred", "symbols": ["TWEXBMEI"], "start": "2024-01-01", "end": "2026-07-01", "sub_field": null, "frequency": null}
{"time": "2026-07-03 19:05:49", "source": "fred", "symbols": ["MICIEXPT1"], "start": "2024-01-01", "end": "2026-07-01", "sub_field": null, "frequency": null}
{"time": "2026-07-03 19:06:01", "source": "fred", "symbols": ["MIEXPE5YR"], "start": "2024-01-01", "end": "2026-07-01", "sub_field": null, "frequency": null}
{"time": "2026-07-03 19:06:02", "source": "fred", "symbols": ["UMCSENT"], "start": "2024-01-01", "end": "2026-07-01", "sub_field": null, "frequency": null}
{"time": "2026-07-03 19:06:02", "source": "fred", "symbols": ["TIFSE5Y5Y"], "start": "2024-01-01", "end": "2026-07-01", "sub_field": null, "frequency": null}
{"time": "2026-07-03 19:06:08", "source": "fred", "symbols": ["TCU"], "start": "2024-01-01", "end": "2025-07-01", "sub_field": null, "frequency": null}
{"time": "2026-07-03 19:06:09", "source": "fred", "symbols": ["DRTSCILM"], "start": "2024-01-01", "end": "2025-07-01", "sub_field": null, "frequency": null}
{"time": "2026-07-03 19:06:09", "source": "fred", "symbols": ["ICSA"], "start": "2024-01-01", "end": "2025-07-01", "sub_field": null, "frequency": null}
{"time": "2026-07-03 19:06:10", "source": "fred", "symbols": ["IURSA"], "start": "2024-01-01", "end": "2025-07-01", "sub_field": null, "frequency": null}
{"time": "2026-07-03 19:06:41", "source": "fred", "symbols": ["AWHSAL"], "start": "2024-01-01", "end": "2025-01-01", "sub_field": null, "frequency": null}
{"time": "2026-07-03 19:06:42", "source": "fred", "symbols": ["AWMANE"], "start": "2024-01-01", "end": "2025-01-01", "sub_field": null, "frequency": null}
{"time": "2026-07-03 19:07:02", "source": "fred", "symbols": ["T5Y5YIE"], "start": "2024-01-01", "end": "2026-07-01", "sub_field": null, "frequency": null}
{"time": "2026-07-03 19:07:31", "source": "fred", "symbols": ["MISAIRMTS066S"], "start": "2024-01-01", "end": "2025-07-01", "sub_field": null, "frequency": null}
{"time": "2026-07-03 19:07:52", "source": "fred", "symbols": ["MIS066S"], "start": "2024-01-01", "end": "2025-01-01", "sub_field": null, "frequency": null}
{"time": "2026-07-03 19:07:52", "source": "fred", "symbols": ["MIR066S"], "start": "2024-01-01", "end": "2025-01-01", "sub_field": null, "frequency": null}
{"time": "2026-07-03 19:07:53", "source": "fred", "symbols": ["MISAIRMTS"], "start": "2024-01-01", "end": "2025-01-01", "sub_field": null, "frequency": null}
{"time": "2026-07-03 19:07:53", "source": "fred", "symbols": ["MIR"], "start": "2024-01-01", "end": "2025-01-01", "sub_field": null, "frequency": null}
{"time": "2026-07-03 19:07:53", "source": "fred", "symbols": ["MISA"], "start": "2024-01-01", "end": "2025-01-01", "sub_field": null, "frequency": null}
{"time": "2026-07-03 19:08:57", "source": "fred", "symbols": ["MISAIRMTS"], "start": "2024-01-01", "end": "2025-01-01", "sub_field": null, "frequency": null}
{"time": "2026-07-03 19:08:58", "source": "fred", "symbols": ["MIS066S"], "start": "2024-01-01", "end": "2025-01-01", "sub_field": null, "frequency": null}
{"time": "2026-07-03 19:08:58", "source": "fred", "symbols": ["MIS066"], "start": "2024-01-01", "end": "2025-01-01", "sub_field": null, "frequency": null}
{"time": "2026-07-03 19:08:59", "source": "fred", "symbols": ["MISAIR"], "start": "2024-01-01", "end": "2025-01-01", "sub_field": null, "frequency": null}
{"time": "2026-07-03 19:08:59", "source": "fred", "symbols": ["MS066S"], "start": "2024-01-01", "end": "2025-01-01", "sub_field": null, "frequency": null}
{"time": "2026-07-03 19:09:00", "source": "fred", "symbols": ["MSAIR"], "start": "2024-01-01", "end": "2025-01-01", "sub_field": null, "frequency": null}
{"time": "2026-07-03 19:09:01", "source": "fred", "symbols": ["MSAIRMTS"], "start": "2024-01-01", "end": "2025-01-01", "sub_field": null, "frequency": null}
{"time": "2026-07-03 19:09:14", "source": "fred", "symbols": ["MISAIRMTS066S"], "start": "2024-01-01", "end": "2025-01-01", "sub_field": null, "frequency": null}
{"time": "2026-07-03 19:09:14", "source": "fred", "symbols": ["MISAIRMTS066"], "start": "2024-01-01", "end": "2025-01-01", "sub_field": null, "frequency": null}
{"time": "2026-07-03 19:09:15", "source": "fred", "symbols": ["MSAIRMTS066S"], "start": "2024-01-01", "end": "2025-01-01", "sub_field": null, "frequency": null}
{"time": "2026-07-03 19:09:15", "source": "fred", "symbols": ["MSAIRMTS066"], "start": "2024-01-01", "end": "2025-01-01", "sub_field": null, "frequency": null}
{"time": "2026-07-03 19:09:16", "source": "fred", "symbols": ["MIS066S"], "start": "2024-01-01", "end": "2025-01-01", "sub_field": null, "frequency": null}
{"time": "2026-07-03 19:09:16", "source": "fred", "symbols": ["MS066S"], "start": "2024-01-01", "end": "2025-01-01", "sub_field": null, "frequency": null}
{"time": "2026-07-03 19:09:16", "source": "fred", "symbols": ["MISAIRMTS"], "start": "2024-01-01", "end": "2025-01-01", "sub_field": null, "frequency": null}
{"time": "2026-07-03 19:09:17", "source": "fred", "symbols": ["MSAIRMTS"], "start": "2024-01-01", "end": "2025-01-01", "sub_field": null, "frequency": null}
{"time": "2026-07-03 19:09:27", "source": "fred", "symbols": ["SPFMEANPI"], "start": "2024-01-01", "end": "2025-01-01", "sub_field": null, "frequency": null}
{"time": "2026-07-03 19:09:28", "source": "fred", "symbols": ["SPFPI00A1"], "start": "2024-01-01", "end": "2025-01-01", "sub_field": null, "frequency": null}
{"time": "2026-07-03 19:09:28", "source": "fred", "symbols": ["SPFPI00A0"], "start": "2024-01-01", "end": "2025-01-01", "sub_field": null, "frequency": null}
{"time": "2026-07-03 19:09:28", "source": "fred", "symbols": ["NYFEX"], "start": "2024-01-01", "end": "2025-01-01", "sub_field": null, "frequency": null}
{"time": "2026-07-03 19:09:29", "source": "fred", "symbols": ["NYFEXPI"], "start": "2024-01-01", "end": "2025-01-01", "sub_field": null, "frequency": null}
{"time": "2026-07-03 19:10:33", "source": "fred", "symbols": ["MIEXR1Y"], "start": null, "end": "2025-12-31", "sub_field": null, "frequency": null}
{"time": "2026-07-03 19:10:34", "source": "fred", "symbols": ["MIEXR5Y"], "start": null, "end": "2025-12-31", "sub_field": null, "frequency": null}
{"time": "2026-07-03 19:10:34", "source": "fred", "symbols": ["RINFLXP159SFRABQ"], "start": null, "end": "2025-12-31", "sub_field": null, "frequency": null}
{"time": "2026-07-03 19:10:34", "source": "fred", "symbols": ["T3MIE"], "start": null, "end": "2025-12-31", "sub_field": null, "frequency": null}
{"time": "2026-07-03 19:10:45", "source": "fred", "symbols": ["MICH1YR"], "start": null, "end": "2025-12-31", "sub_field": null, "frequency": null}
{"time": "2026-07-03 19:10:45", "source": "fred", "symbols": ["MS1YINFL"], "start": null, "end": "2025-12-31", "sub_field": null, "frequency": null}
{"time": "2026-07-03 19:10:46", "source": "fred", "symbols": ["MS1INFL"], "start": null, "end": "2025-12-31", "sub_field": null, "frequency": null}
{"time": "2026-07-03 19:10:46", "source": "fred", "symbols": ["MICHINFL"], "start": null, "end": "2025-12-31", "sub_field": null, "frequency": null}
{"time": "2026-07-03 19:11:05", "source": "fred", "symbols": ["MS1YINFL"], "start": null, "end": "2025-12-31", "sub_field": null, "frequency": null}
{"time": "2026-07-03 19:11:05", "source": "fred", "symbols": ["MICH1YIN"], "start": null, "end": "2025-12-31", "sub_field": null, "frequency": null}
{"time": "2026-07-03 19:11:05", "source": "fred", "symbols": ["MSI1YINFL"], "start": null, "end": "2025-12-31", "sub_field": null, "frequency": null}
{"time": "2026-07-03 19:11:06", "source": "fred", "symbols": ["RINFLXP159SFRABM"], "start": null, "end": "2025-12-31", "sub_field": null, "frequency": null}
{"time": "2026-07-03 19:11:06", "source": "fred", "symbols": ["T1YIE"], "start": null, "end": "2025-12-31", "sub_field": null, "frequency": null}
{"time": "2026-07-03 19:11:07", "source": "fred", "symbols": ["INF1Y"], "start": null, "end": "2025-12-31", "sub_field": null, "frequency": null}
{"time": "2026-07-03 19:11:07", "source": "fred", "symbols": ["TINF1Y"], "start": null, "end": "2025-12-31", "sub_field": null, "frequency": null}
{"time": "2026-07-03 19:11:07", "source": "fred", "symbols": ["UMICH1Y"], "start": null, "end": "2025-12-31", "sub_field": null, "frequency": null}
{"time": "2026-07-03 19:11:08", "source": "fred", "symbols": ["UMICHINF1"], "start": null, "end": "2025-12-31", "sub_field": null, "frequency": null}
{"time": "2026-07-03 19:11:08", "source": "fred", "symbols": ["UMINF1Y"], "start": null, "end": "2025-12-31", "sub_field": null, "frequency": null}
{"time": "2026-07-03 19:11:08", "source": "fred", "symbols": ["D10YEX"], "start": null, "end": "2025-12-31", "sub_field": null, "frequency": null}
{"time": "2026-07-03 19:11:09", "source": "fred", "symbols": ["D5YEX"], "start": null, "end": "2025-12-31", "sub_field": null, "frequency": null}
{"time": "2026-07-03 19:11:09", "source": "fred", "symbols": ["D1YEX"], "start": null, "end": "2025-12-31", "sub_field": null, "frequency": null}
{"time": "2026-07-03 19:11:18", "source": "fred", "symbols": ["MICH1Y"], "start": null, "end": "2025-12-31", "sub_field": null, "frequency": null}
{"time": "2026-07-03 19:11:19", "source": "fred", "symbols": ["MICHINF"], "start": null, "end": "2025-12-31", "sub_field": null, "frequency": null}
{"time": "2026-07-03 19:11:19", "source": "fred", "symbols": ["MSINFLX"], "start": null, "end": "2025-12-31", "sub_field": null, "frequency": null}
{"time": "2026-07-03 19:11:19", "source": "fred", "symbols": ["MS1YINF"], "start": null, "end": "2025-12-31", "sub_field": null, "frequency": null}
{"time": "2026-07-03 19:11:20", "source": "fred", "symbols": ["MS1INF"], "start": null, "end": "2025-12-31", "sub_field": null, "frequency": null}
{"time": "2026-07-03 19:11:20", "source": "fred", "symbols": ["MS1YEX"], "start": null, "end": "2025-12-31", "sub_field": null, "frequency": null}
{"time": "2026-07-03 19:11:21", "source": "fred", "symbols": ["UMC1Y"], "start": null, "end": "2025-12-31", "sub_field": null, "frequency": null}
{"time": "2026-07-03 19:11:21", "source": "fred", "symbols": ["UMCSENT1Y"], "start": null, "end": "2025-12-31", "sub_field": null, "frequency": null}
{"time": "2026-07-03 19:11:21", "source": "fred", "symbols": ["UMCS1Y"], "start": null, "end": "2025-12-31", "sub_field": null, "frequency": null}
{"time": "2026-07-03 19:11:22", "source": "fred", "symbols": ["MICH1YEXP"], "start": null, "end": "2025-12-31", "sub_field": null, "frequency": null}
{"time": "2026-07-03 19:11:22", "source": "fred", "symbols": ["UMCINF1Y"], "start": null, "end": "2025-12-31", "sub_field": null, "frequency": null}
{"time": "2026-07-03 19:11:23", "source": "fred", "symbols": ["MS1Y"], "start": null, "end": "2025-12-31", "sub_field": null, "frequency": null}
{"time": "2026-07-03 19:11:23", "source": "fred", "symbols": ["MS1YINFX"], "start": null, "end": "2025-12-31", "sub_field": null, "frequency": null}
{"time": "2026-07-03 19:11:23", "source": "fred", "symbols": ["MS1YINFXP"], "start": null, "end": "2025-12-31", "sub_field": null, "frequency": null}
{"time": "2026-07-03 19:11:24", "source": "fred", "symbols": ["MS1YINFQ"], "start": null, "end": "2025-12-31", "sub_field": null, "frequency": null}
{"time": "2026-07-03 19:11:24", "source": "fred", "symbols": ["MS1YINFQL"], "start": null, "end": "2025-12-31", "sub_field": null, "frequency": null}
{"time": "2026-07-03 19:11:24", "source": "fred", "symbols": ["MS1YINFQLW"], "start": null, "end": "2025-12-31", "sub_field": null, "frequency": null}
{"time": "2026-07-03 19:11:36", "source": "fred", "symbols": ["MS1YINFL"], "start": null, "end": "2025-12-31", "sub_field": null, "frequency": null}
{"time": "2026-07-03 19:11:36", "source": "fred", "symbols": ["MS1YINFLX"], "start": null, "end": "2025-12-31", "sub_field": null, "frequency": null}
{"time": "2026-07-03 19:11:37", "source": "fred", "symbols": ["MS1YINFLXL"], "start": null, "end": "2025-12-31", "sub_field": null, "frequency": null}
{"time": "2026-07-03 19:11:37", "source": "fred", "symbols": ["MS1YINFLQL"], "start": null, "end": "2025-12-31", "sub_field": null, "frequency": null}
{"time": "2026-07-03 19:11:37", "source": "fred", "symbols": ["MS1YINFLQW"], "start": null, "end": "2025-12-31", "sub_field": null, "frequency": null}
{"time": "2026-07-03 19:11:38", "source": "fred", "symbols": ["MS1YINFLXW"], "start": null, "end": "2025-12-31", "sub_field": null, "frequency": null}
{"time": "2026-07-03 19:11:38", "source": "fred", "symbols": ["MSINFLX1"], "start": null, "end": "2025-12-31", "sub_field": null, "frequency": null}
{"time": "2026-07-03 19:12:00", "source": "fred", "symbols": ["NYFEX1Y"], "start": null, "end": "2025-12-31", "sub_field": null, "frequency": null}
{"time": "2026-07-03 19:12:01", "source": "fred", "symbols": ["NYF1YEX"], "start": null, "end": "2025-12-31", "sub_field": null, "frequency": null}
{"time": "2026-07-03 19:12:02", "source": "fred", "symbols": ["NYFE1Y"], "start": null, "end": "2025-12-31", "sub_field": null, "frequency": null}
{"time": "2026-07-03 19:12:02", "source": "fred", "symbols": ["NYFE1YR"], "start": null, "end": "2025-12-31", "sub_field": null, "frequency": null}
{"time": "2026-07-03 19:12:02", "source": "fred", "symbols": ["NYF1Y"], "start": null, "end": "2025-12-31", "sub_field": null, "frequency": null}
{"time": "2026-07-03 19:12:25", "source": "fred", "symbols": ["MICH"], "start": "1970-01-01", "end": "2025-12-31", "sub_field": null, "frequency": null}
{"time": "2026-07-03 19:12:46", "source": "fred", "symbols": ["NYF1YIE"], "start": null, "end": "2025-12-31", "sub_field": null, "frequency": null}
{"time": "2026-07-03 19:12:47", "source": "fred", "symbols": ["NYFE1YIE"], "start": null, "end": "2025-12-31", "sub_field": null, "frequency": null}
{"time": "2026-07-03 19:12:47", "source": "fred", "symbols": ["NYF1YIE"], "start": null, "end": "2025-12-31", "sub_field": null, "frequency": null}
{"time": "2026-07-03 19:12:47", "source": "fred", "symbols": ["NYFEX1Y"], "start": null, "end": "2025-12-31", "sub_field": null, "frequency": null}
{"time": "2026-07-03 19:12:48", "source": "fred", "symbols": ["NYF1YEX"], "start": null, "end": "2025-12-31", "sub_field": null, "frequency": null}
{"time": "2026-07-03 19:13:12", "source": "fred", "symbols": ["MICH"], "start": "2020-01-01", "end": "2025-12-31", "sub_field": null, "frequency": null}
{"time": "2026-07-03 19:13:13", "source": "fred", "symbols": ["TCU"], "start": "2020-01-01", "end": "2025-12-31", "sub_field": null, "frequency": null}
{"time": "2026-07-03 19:13:36", "source": "fred", "symbols": ["STICKCPIM159SFRBATL"], "start": null, "end": "2025-12-31", "sub_field": null, "frequency": null}
{"time": "2026-07-03 19:13:37", "source": "fred", "symbols": ["CORESTICKM159SFRBATL"], "start": null, "end": "2025-12-31", "sub_field": null, "frequency": null}
{"time": "2026-07-03 19:13:37", "source": "fred", "symbols": ["FLEXCPIM159SFRBATL"], "start": null, "end": "2025-12-31", "sub_field": null, "frequency": null}
{"time": "2026-07-03 19:13:38", "source": "fred", "symbols": ["COREFLEXCPIM159SFRBATL"], "start": null, "end": "2025-12-31", "sub_field": null, "frequency": null}
{"time": "2026-07-03 19:13:38", "source": "fred", "symbols": ["GDPDEF"], "start": null, "end": "2025-12-31", "sub_field": null, "frequency": null}
{"time": "2026-07-03 19:13:38", "source": "fred", "symbols": ["IPDBS"], "start": null, "end": "2025-12-31", "sub_field": null, "frequency": null}
{"time": "2026-07-03 19:13:39", "source": "fred", "symbols": ["CPILFESL"], "start": null, "end": "2025-12-31", "sub_field": null, "frequency": null}
{"time": "2026-07-03 19:13:39", "source": "fred", "symbols": ["CPIAUCSL"], "start": null, "end": "2025-12-31", "sub_field": null, "frequency": null}
{"time": "2026-07-03 19:13:39", "source": "fred", "symbols": ["PCEPILFE"], "start": null, "end": "2025-12-31", "sub_field": null, "frequency": null}
{"time": "2026-07-03 19:13:40", "source": "fred", "symbols": ["PCEPI"], "start": null, "end": "2025-12-31", "sub_field": null, "frequency": null}
{"time": "2026-07-03 19:13:40", "source": "fred", "symbols": ["T10YIE"], "start": null, "end": "2025-12-31", "sub_field": null, "frequency": null}
{"time": "2026-07-03 19:13:41", "source": "fred", "symbols": ["CEU3000000003"], "start": null, "end": "2025-12-31", "sub_field": null, "frequency": null}
{"time": "2026-07-03 19:13:41", "source": "fred", "symbols": ["CES5000000003"], "start": null, "end": "2025-12-31", "sub_field": null, "frequency": null}
{"time": "2026-07-03 19:13:41", "source": "fred", "symbols": ["CES0800000003"], "start": null, "end": "2025-12-31", "sub_field": null, "frequency": null}
{"time": "2026-07-03 19:13:42", "source": "fred", "symbols": ["PRS85006111"], "start": null, "end": "2025-12-31", "sub_field": null, "frequency": null}
{"time": "2026-07-03 19:13:42", "source": "fred", "symbols": ["PRS85006091"], "start": null, "end": "2025-12-31", "sub_field": null, "frequency": null}
{"time": "2026-07-03 19:13:43", "source": "fred", "symbols": ["CUSR0000SEHC01"], "start": null, "end": "2025-12-31", "sub_field": null, "frequency": null}
{"time": "2026-07-03 19:13:43", "source": "fred", "symbols": ["CMRMTSPL"], "start": null, "end": "2025-12-31", "sub_field": null, "frequency": null}
{"time": "2026-07-03 19:13:44", "source": "fred", "symbols": ["TCU"], "start": null, "end": "2025-12-31", "sub_field": null, "frequency": null}
{"time": "2026-07-03 19:13:44", "source": "fred", "symbols": ["DRTSCILM"], "start": null, "end": "2025-12-31", "sub_field": null, "frequency": null}
{"time": "2026-07-03 19:13:44", "source": "fred", "symbols": ["ICSA"], "start": null, "end": "2025-12-31", "sub_field": null, "frequency": null}
{"time": "2026-07-03 19:13:45", "source": "fred", "symbols": ["IURSA"], "start": null, "end": "2025-12-31", "sub_field": null, "frequency": null}
{"time": "2026-07-03 19:13:45", "source": "fred", "symbols": ["MICH"], "start": null, "end": "2025-12-31", "sub_field": null, "frequency": null}
{"time": "2026-07-03 19:16:39", "source": "fred", "symbols": ["MICH1YINFL"], "start": null, "end": "2025-12-31", "sub_field": null, "frequency": null}
{"time": "2026-07-03 19:16:40", "source": "fred", "symbols": ["MISX"], "start": null, "end": "2025-12-31", "sub_field": null, "frequency": null}
{"time": "2026-07-03 19:16:41", "source": "fred", "symbols": ["MICEX"], "start": null, "end": "2025-12-31", "sub_field": null, "frequency": null}
{"time": "2026-07-03 19:16:56", "source": "fred", "symbols": ["T10YZMUP"], "start": null, "end": "2025-12-31", "sub_field": null, "frequency": null}
{"time": "2026-07-03 19:17:04", "source": "fred", "symbols": ["BREAKEIN10Y"], "start": null, "end": "2025-12-31", "sub_field": null, "frequency": null}
{"time": "2026-07-03 19:17:13", "source": "fred", "symbols": ["NYFEX1Y"], "start": null, "end": "2025-12-31", "sub_field": null, "frequency": null}
{"time": "2026-07-03 19:17:13", "source": "fred", "symbols": ["NYFE1Y"], "start": null, "end": "2025-12-31", "sub_field": null, "frequency": null}
{"time": "2026-07-03 19:17:13", "source": "fred", "symbols": ["NYF1Y"], "start": null, "end": "2025-12-31", "sub_field": null, "frequency": null}
{"time": "2026-07-03 19:17:14", "source": "fred", "symbols": ["NYF1YR"], "start": null, "end": "2025-12-31", "sub_field": null, "frequency": null}
{"time": "2026-07-03 19:17:14", "source": "fred", "symbols": ["NYFE1YR"], "start": null, "end": "2025-12-31", "sub_field": null, "frequency": null}
{"time": "2026-07-03 19:17:14", "source": "fred", "symbols": ["NYFEX"], "start": null, "end": "2025-12-31", "sub_field": null, "frequency": null}
{"time": "2026-07-03 19:17:15", "source": "fred", "symbols": ["NYFE"], "start": null, "end": "2025-12-31", "sub_field": null, "frequency": null}
{"time": "2026-07-03 19:17:15", "source": "fred", "symbols": ["NYF1"], "start": null, "end": "2025-12-31", "sub_field": null, "frequency": null}
{"time": "2026-07-03 19:17:15", "source": "fred", "symbols": ["NYFEX1YR"], "start": null, "end": "2025-12-31", "sub_field": null, "frequency": null}
{"time": "2026-07-03 19:23:55", "source": "fred", "symbols": ["CEW3000000003"], "start": null, "end": "2025-12-31", "sub_field": null, "frequency": null}
{"time": "2026-07-03 19:24:09", "source": "fred", "symbols": ["MICH1YINFL"], "start": "2020-01-01", "end": "2025-12-31", "sub_field": null, "frequency": null}
{"time": "2026-07-03 19:24:10", "source": "fred", "symbols": ["MICH5YINFL"], "start": "2020-01-01", "end": "2025-12-31", "sub_field": null, "frequency": null}
{"time": "2026-07-03 19:24:20", "source": "fred", "symbols": ["MIC5YINFL"], "start": null, "end": "2025-12-31", "sub_field": null, "frequency": null}
{"time": "2026-07-03 19:24:20", "source": "fred", "symbols": ["MICH5Y"], "start": null, "end": "2025-12-31", "sub_field": null, "frequency": null}
{"time": "2026-07-03 19:24:20", "source": "fred", "symbols": ["MIC5Y"], "start": null, "end": "2025-12-31", "sub_field": null, "frequency": null}
{"time": "2026-07-03 19:24:21", "source": "fred", "symbols": ["UMCINFL"], "start": null, "end": "2025-12-31", "sub_field": null, "frequency": null}
{"time": "2026-07-03 19:35:15", "source": "fred", "symbols": ["TB3MS"], "start": "2024-01-01", "end": "2024-06-01", "sub_field": null, "frequency": null}
{"time": "2026-07-03 19:35:15", "source": "fred", "symbols": ["DGS10"], "start": "2024-01-01", "end": "2024-06-01", "sub_field": null, "frequency": null}
{"time": "2026-07-03 19:35:16", "source": "fred", "symbols": ["DGS2"], "start": "2024-01-01", "end": "2024-06-01", "sub_field": null, "frequency": null}
{"time": "2026-07-03 19:35:16", "source": "fred", "symbols": ["T10Y2Y"], "start": "2024-01-01", "end": "2024-06-01", "sub_field": null, "frequency": null}
{"time": "2026-07-03 19:35:17", "source": "fred", "symbols": ["TOTBKCR"], "start": "2024-01-01", "end": "2024-06-01", "sub_field": null, "frequency": null}
{"time": "2026-07-03 19:35:17", "source": "fred", "symbols": ["MANEMP"], "start": "2024-01-01", "end": "2024-06-01", "sub_field": null, "frequency": null}
{"time": "2026-07-03 19:35:17", "source": "fred", "symbols": ["IPGMAN"], "start": "2024-01-01", "end": "2024-06-01", "sub_field": null, "frequency": null}
{"time": "2026-07-03 19:35:18", "source": "fred", "symbols": ["PNFI"], "start": "2024-01-01", "end": "2024-06-01", "sub_field": null, "frequency": null}
{"time": "2026-07-03 19:35:18", "source": "fred", "symbols": ["FPI"], "start": "2024-01-01", "end": "2024-06-01", "sub_field": null, "frequency": null}
{"time": "2026-07-03 19:35:19", "source": "fred", "symbols": ["ANDENO"], "start": "2024-01-01", "end": "2024-06-01", "sub_field": null, "frequency": null}
{"time": "2026-07-03 19:35:19", "source": "fred", "symbols": ["DGORDER"], "start": "2024-01-01", "end": "2024-06-01", "sub_field": null, "frequency": null}
{"time": "2026-07-03 19:35:19", "source": "fred", "symbols": ["CUMFNS"], "start": "2024-01-01", "end": "2024-06-01", "sub_field": null, "frequency": null}
{"time": "2026-07-03 19:35:20", "source": "fred", "symbols": ["GDP"], "start": "2024-01-01", "end": "2024-06-01", "sub_field": null, "frequency": null}
{"time": "2026-07-03 19:35:20", "source": "fred", "symbols": ["GDPC1"], "start": "2024-01-01", "end": "2024-06-01", "sub_field": null, "frequency": null}
{"time": "2026-07-03 19:35:21", "source": "fred", "symbols": ["Y001RC1Q027SBEA"], "start": "2024-01-01", "end": "2024-06-01", "sub_field": null, "frequency": null}
{"time": "2026-07-03 19:35:21", "source": "fred", "symbols": ["B985RC1Q027SBEA"], "start": "2024-01-01", "end": "2024-06-01", "sub_field": null, "frequency": null}
{"time": "2026-07-03 19:35:21", "source": "fred", "symbols": ["Y006RC1Q027SBEA"], "start": "2024-01-01", "end": "2024-06-01", "sub_field": null, "frequency": null}
{"time": "2026-07-03 19:35:22", "source": "fred", "symbols": ["UNRATE"], "start": "2024-01-01", "end": "2024-06-01", "sub_field": null, "frequency": null}
{"time": "2026-07-03 19:35:22", "source": "fred", "symbols": ["JTSJOL"], "start": "2024-01-01", "end": "2024-06-01", "sub_field": null, "frequency": null}
{"time": "2026-07-03 19:35:22", "source": "fred", "symbols": ["IA001260M"], "start": "2024-01-01", "end": "2024-06-01", "sub_field": null, "frequency": null}
{"time": "2026-07-03 19:35:23", "source": "fred", "symbols": ["M2SL"], "start": "2024-01-01", "end": "2024-06-01", "sub_field": null, "frequency": null}
{"time": "2026-07-03 19:35:23", "source": "fred", "symbols": ["M2REAL"], "start": "2024-01-01", "end": "2024-06-01", "sub_field": null, "frequency": null}
{"time": "2026-07-03 19:35:24", "source": "fred", "symbols": ["BAMLH0A0HYM2"], "start": "2024-01-01", "end": "2024-06-01", "sub_field": null, "frequency": null}
{"time": "2026-07-03 19:35:24", "source": "fred", "symbols": ["DTWEXBGS"], "start": "2024-01-01", "end": "2024-06-01", "sub_field": null, "frequency": null}
{"time": "2026-07-03 19:35:25", "source": "fred", "symbols": ["PALLFNFINDEXM"], "start": "2024-01-01", "end": "2024-06-01", "sub_field": null, "frequency": null}
{"time": "2026-07-03 19:35:25", "source": "fred", "symbols": ["GDPPOT"], "start": "2024-01-01", "end": "2024-06-01", "sub_field": null, "frequency": null}
{"time": "2026-07-03 19:35:25", "source": "fred", "symbols": ["STLFSI3"], "start": "2024-01-01", "end": "2024-06-01", "sub_field": null, "frequency": null}
{"time": "2026-07-03 19:35:26", "source": "fred", "symbols": ["NEWORDER"], "start": "2024-01-01", "end": "2024-06-01", "sub_field": null, "frequency": null}
{"time": "2026-07-03 19:35:26", "source": "fred", "symbols": ["SAHMCURRENT"], "start": "2024-01-01", "end": "2024-06-01", "sub_field": null, "frequency": null}
{"time": "2026-07-03 19:35:27", "source": "fred", "symbols": ["A679RX1Q020SBEA"], "start": "2024-01-01", "end": "2024-06-01", "sub_field": null, "frequency": null}
{"time": "2026-07-03 19:35:27", "source": "fred", "symbols": ["OPHNFB"], "start": "2024-01-01", "end": "2024-06-01", "sub_field": null, "frequency": null}
{"time": "2026-07-03 19:35:27", "source": "fred", "symbols": ["ANFSTC"], "start": "2024-01-01", "end": "2024-06-01", "sub_field": null, "frequency": null}
{"time": "2026-07-03 19:35:28", "source": "fred", "symbols": ["PCU141"], "start": "2024-01-01", "end": "2024-06-01", "sub_field": null, "frequency": null}
{"time": "2026-07-03 19:35:28", "source": "fred", "symbols": ["MFGNEW"], "start": "2024-01-01", "end": "2024-06-01", "sub_field": null, "frequency": null}
{"time": "2026-07-03 19:35:28", "source": "fred", "symbols": ["MFGship"], "start": "2024-01-01", "end": "2024-06-01", "sub_field": null, "frequency": null}
{"time": "2026-07-03 19:35:29", "source": "fred", "symbols": ["A261RX1Q027SBEA"], "start": "2024-01-01", "end": "2024-06-01", "sub_field": null, "frequency": null}
{"time": "2026-07-03 19:35:29", "source": "fred", "symbols": ["B992RC1Q027SBEA"], "start": "2024-01-01", "end": "2024-06-01", "sub_field": null, "frequency": null}
{"time": "2026-07-03 19:35:29", "source": "fred", "symbols": ["B170RC1Q027SBEA"], "start": "2024-01-01", "end": "2024-06-01", "sub_field": null, "frequency": null}
{"time": "2026-07-03 19:35:51", "source": "fred", "symbols": ["IPGMAN"], "start": "2024-01-01", "end": "2024-06-01", "sub_field": null, "frequency": null}
{"time": "2026-07-03 19:35:52", "source": "fred", "symbols": ["STLFSI3"], "start": "2024-01-01", "end": "2024-06-01", "sub_field": null, "frequency": null}
{"time": "2026-07-03 19:35:52", "source": "fred", "symbols": ["ANFSTC"], "start": "2024-01-01", "end": "2024-06-01", "sub_field": null, "frequency": null}
{"time": "2026-07-03 19:35:52", "source": "fred", "symbols": ["PCU141"], "start": "2024-01-01", "end": "2024-06-01", "sub_field": null, "frequency": null}
{"time": "2026-07-03 19:35:53", "source": "fred", "symbols": ["MFGNEW"], "start": "2024-01-01", "end": "2024-06-01", "sub_field": null, "frequency": null}
{"time": "2026-07-03 19:35:53", "source": "fred", "symbols": ["MFGship"], "start": "2024-01-01", "end": "2024-06-01", "sub_field": null, "frequency": null}
{"time": "2026-07-03 19:35:53", "source": "fred", "symbols": ["A261RX1Q027SBEA"], "start": "2024-01-01", "end": "2024-06-01", "sub_field": null, "frequency": null}
{"time": "2026-07-03 19:35:54", "source": "fred", "symbols": ["B992RC1Q027SBEA"], "start": "2024-01-01", "end": "2024-06-01", "sub_field": null, "frequency": null}
{"time": "2026-07-03 19:35:54", "source": "fred", "symbols": ["B170RC1Q027SBEA"], "start": "2024-01-01", "end": "2024-06-01", "sub_field": null, "frequency": null}
{"time": "2026-07-03 19:36:01", "source": "fred", "symbols": ["ANFSTC"], "start": "2020-01-01", "end": "2024-06-01", "sub_field": null, "frequency": null}
{"time": "2026-07-03 19:36:01", "source": "fred", "symbols": ["PCU141"], "start": "2020-01-01", "end": "2024-06-01", "sub_field": null, "frequency": null}
{"time": "2026-07-03 19:36:02", "source": "fred", "symbols": ["MFGNEW"], "start": "2020-01-01", "end": "2024-06-01", "sub_field": null, "frequency": null}
{"time": "2026-07-03 19:36:02", "source": "fred", "symbols": ["MFGship"], "start": "2020-01-01", "end": "2024-06-01", "sub_field": null, "frequency": null}
{"time": "2026-07-03 19:36:03", "source": "fred", "symbols": ["A261RX1Q027SBEA"], "start": "2020-01-01", "end": "2024-06-01", "sub_field": null, "frequency": null}
{"time": "2026-07-03 19:36:04", "source": "fred", "symbols": ["B992RC1Q027SBEA"], "start": "2020-01-01", "end": "2024-06-01", "sub_field": null, "frequency": null}
{"time": "2026-07-03 19:36:04", "source": "fred", "symbols": ["B170RC1Q027SBEA"], "start": "2020-01-01", "end": "2024-06-01", "sub_field": null, "frequency": null}
{"time": "2026-07-03 19:36:13", "source": "fred", "symbols": ["IPGMAN"], "start": "2020-01-01", "end": "2024-06-01", "sub_field": null, "frequency": null}
{"time": "2026-07-03 19:36:13", "source": "fred", "symbols": ["STLFSI3"], "start": "2020-01-01", "end": "2024-06-01", "sub_field": null, "frequency": null}
{"time": "2026-07-03 19:36:29", "source": "fred", "symbols": ["IPMANN"], "start": "2023-01-01", "end": "2024-06-01", "sub_field": null, "frequency": null}
{"time": "2026-07-03 19:36:30", "source": "fred", "symbols": ["IPMAN"], "start": "2023-01-01", "end": "2024-06-01", "sub_field": null, "frequency": null}
{"time": "2026-07-03 19:36:30", "source": "fred", "symbols": ["INDPRO"], "start": "2023-01-01", "end": "2024-06-01", "sub_field": null, "frequency": null}
{"time": "2026-07-03 19:36:31", "source": "fred", "symbols": ["M227S"], "start": "2023-01-01", "end": "2024-06-01", "sub_field": null, "frequency": null}
{"time": "2026-07-03 19:36:31", "source": "fred", "symbols": ["VCFSTCNS"], "start": "2023-01-01", "end": "2024-06-01", "sub_field": null, "frequency": null}
{"time": "2026-07-03 19:36:32", "source": "fred", "symbols": ["VCFSTC"], "start": "2023-01-01", "end": "2024-06-01", "sub_field": null, "frequency": null}
{"time": "2026-07-03 19:36:33", "source": "fred", "symbols": ["ANFSTCNS"], "start": "2023-01-01", "end": "2024-06-01", "sub_field": null, "frequency": null}
{"time": "2026-07-03 19:36:33", "source": "fred", "symbols": ["M385S685NH"], "start": "2023-01-01", "end": "2024-06-01", "sub_field": null, "frequency": null}
{"time": "2026-07-03 19:36:33", "source": "fred", "symbols": ["M290S685NH"], "start": "2023-01-01", "end": "2024-06-01", "sub_field": null, "frequency": null}
{"time": "2026-07-03 19:36:34", "source": "fred", "symbols": ["M289S685NH"], "start": "2023-01-01", "end": "2024-06-01", "sub_field": null, "frequency": null}
{"time": "2026-07-03 19:36:34", "source": "fred", "symbols": ["M195S685NH"], "start": "2023-01-01", "end": "2024-06-01", "sub_field": null, "frequency": null}
{"time": "2026-07-03 19:36:34", "source": "fred", "symbols": ["NFMNITOTMEIM"], "start": "2023-01-01", "end": "2024-06-01", "sub_field": null, "frequency": null}
{"time": "2026-07-03 19:36:35", "source": "fred", "symbols": ["MFGNORD"], "start": "2023-01-01", "end": "2024-06-01", "sub_field": null, "frequency": null}
{"time": "2026-07-03 19:36:35", "source": "fred", "symbols": ["NFSHIPMEIM"], "start": "2023-01-01", "end": "2024-06-01", "sub_field": null, "frequency": null}
{"time": "2026-07-03 19:36:36", "source": "fred", "symbols": ["MFGSHIP"], "start": "2023-01-01", "end": "2024-06-01", "sub_field": null, "frequency": null}
{"time": "2026-07-03 19:36:44", "source": "fred", "symbols": ["IPGMANM"], "start": "2023-01-01", "end": "2024-06-01", "sub_field": null, "frequency": null}
{"time": "2026-07-03 19:36:44", "source": "fred", "symbols": ["M383S1"], "start": "2023-01-01", "end": "2024-06-01", "sub_field": null, "frequency": null}
{"time": "2026-07-03 19:36:44", "source": "fred", "symbols": ["IPM383S1"], "start": "2023-01-01", "end": "2024-06-01", "sub_field": null, "frequency": null}
{"time": "2026-07-03 19:36:45", "source": "fred", "symbols": ["VCFSTCNSA"], "start": "2023-01-01", "end": "2024-06-01", "sub_field": null, "frequency": null}
{"time": "2026-07-03 19:36:45", "source": "fred", "symbols": ["VCSTCNS"], "start": "2023-01-01", "end": "2024-06-01", "sub_field": null, "frequency": null}
{"time": "2026-07-03 19:36:46", "source": "fred", "symbols": ["M193S685NH"], "start": "2023-01-01", "end": "2024-06-01", "sub_field": null, "frequency": null}
{"time": "2026-07-03 19:36:46", "source": "fred", "symbols": ["M288S685NH"], "start": "2023-01-01", "end": "2024-06-01", "sub_field": null, "frequency": null}
{"time": "2026-07-03 19:36:47", "source": "fred", "symbols": ["PMI"], "start": "2023-01-01", "end": "2024-06-01", "sub_field": null, "frequency": null}
{"time": "2026-07-03 19:39:07", "source": "macroMicro", "symbols": ["ism-manufacturing-neworders"], "start": "2024-01", "end": "2024-06", "sub_field": null, "frequency": null}
{"time": "2026-07-03 20:49:35", "source": "fred", "symbols": ["GOLDAMGBDMSPM"], "start": null, "end": null, "sub_field": null, "frequency": null}
{"time": "2026-07-03 20:49:37", "source": "fred", "symbols": ["GTDGVGDP"], "start": null, "end": null, "sub_field": null, "frequency": null}
{"time": "2026-07-03 20:49:39", "source": "fred", "symbols": ["CCAYTP"], "start": null, "end": null, "sub_field": null, "frequency": null}
{"time": "2026-07-03 20:49:41", "source": "fred", "symbols": ["SP500"], "start": null, "end": null, "sub_field": null, "frequency": null}
{"time": "2026-07-03 20:49:43", "source": "fred", "symbols": ["TIAGR"], "start": null, "end": null, "sub_field": null, "frequency": null}
{"time": "2026-07-03 20:49:56", "source": "fred", "symbols": ["GOLDAMGBDSPM"], "start": null, "end": null, "sub_field": null, "frequency": null}
{"time": "2026-07-03 20:50:23", "source": "fred", "symbols": ["GOLDAMGBDMSPM"], "start": null, "end": null, "sub_field": null, "frequency": null}
{"time": "2026-07-03 20:50:24", "source": "fred", "symbols": ["GTDGVGDP"], "start": null, "end": null, "sub_field": null, "frequency": null}
{"time": "2026-07-03 20:50:24", "source": "fred", "symbols": ["CCAYTP"], "start": null, "end": null, "sub_field": null, "frequency": null}
{"time": "2026-07-03 20:50:25", "source": "fred", "symbols": ["TIAGR"], "start": null, "end": null, "sub_field": null, "frequency": null}
{"time": "2026-07-03 20:50:25", "source": "fred", "symbols": ["GOLDAMGBDSPM"], "start": null, "end": null, "sub_field": null, "frequency": null}
{"time": "2026-07-03 20:50:26", "source": "fred", "symbols": ["GOLDAMGBD"], "start": null, "end": null, "sub_field": null, "frequency": null}
{"time": "2026-07-03 20:50:26", "source": "fred", "symbols": ["GOLDAMFGBMN"], "start": null, "end": null, "sub_field": null, "frequency": null}
{"time": "2026-07-03 20:50:26", "source": "fred", "symbols": ["FYONGDA188S"], "start": null, "end": null, "sub_field": null, "frequency": null}
{"time": "2026-07-03 20:50:27", "source": "fred", "symbols": ["FYGSDEPA188S"], "start": null, "end": null, "sub_field": null, "frequency": null}
{"time": "2026-07-03 20:50:27", "source": "fred", "symbols": ["FYGDTGDP"], "start": null, "end": null, "sub_field": null, "frequency": null}
{"time": "2026-07-03 20:50:27", "source": "fred", "symbols": ["CAPE"], "start": null, "end": null, "sub_field": null, "frequency": null}
{"time": "2026-07-03 20:50:28", "source": "fred", "symbols": ["A191RL1Q225SBEA"], "start": null, "end": null, "sub_field": null, "frequency": null}
{"time": "2026-07-03 20:50:48", "source": "fred", "symbols": ["GOLDAMGBDMSPM"], "start": null, "end": null, "sub_field": null, "frequency": null}
{"time": "2026-07-03 20:50:49", "source": "fred", "symbols": ["GTDGVGDP"], "start": null, "end": null, "sub_field": null, "frequency": null}
{"time": "2026-07-03 20:50:49", "source": "fred", "symbols": ["CCAYTP"], "start": null, "end": null, "sub_field": null, "frequency": null}
{"time": "2026-07-03 20:50:49", "source": "fred", "symbols": ["TIAGR"], "start": null, "end": null, "sub_field": null, "frequency": null}
{"time": "2026-07-03 20:50:50", "source": "fred", "symbols": ["GOLDAMGBDSPM"], "start": null, "end": null, "sub_field": null, "frequency": null}
{"time": "2026-07-03 20:50:50", "source": "fred", "symbols": ["GOLDAMGBD"], "start": null, "end": null, "sub_field": null, "frequency": null}
{"time": "2026-07-03 20:50:51", "source": "fred", "symbols": ["GOLDAMFGBMN"], "start": null, "end": null, "sub_field": null, "frequency": null}
{"time": "2026-07-03 20:50:51", "source": "fred", "symbols": ["FYGSDEPA188S"], "start": null, "end": null, "sub_field": null, "frequency": null}
{"time": "2026-07-03 20:50:51", "source": "fred", "symbols": ["FYGDTGDP"], "start": null, "end": null, "sub_field": null, "frequency": null}
{"time": "2026-07-03 20:50:52", "source": "fred", "symbols": ["T10YER"], "start": null, "end": null, "sub_field": null, "frequency": null}
{"time": "2026-07-03 20:50:52", "source": "fred", "symbols": ["T2YER"], "start": null, "end": null, "sub_field": null, "frequency": null}
{"time": "2026-07-03 20:50:53", "source": "fred", "symbols": ["DGS2Y"], "start": null, "end": null, "sub_field": null, "frequency": null}
{"time": "2026-07-03 20:51:07", "source": "fred", "symbols": ["DGS2Y"], "start": "1990-01-01", "end": "2026-07-03", "sub_field": null, "frequency": null}
{"time": "2026-07-03 20:51:07", "source": "fred", "symbols": ["GOLDAMGBD"], "start": "2000-01-01", "end": "2026-07-03", "sub_field": null, "frequency": null}
{"time": "2026-07-03 20:54:33", "source": "fred", "symbols": ["GDPC1"], "start": "2026-01-01", "end": "2026-07-01", "sub_field": null, "frequency": null}
{"time": "2026-07-03 20:54:42", "source": "fred", "symbols": ["GOLDAMGBD"], "start": "2020-01-01", "end": "2026-07-01", "sub_field": null, "frequency": null}
{"time": "2026-07-03 20:54:43", "source": "fred", "symbols": ["GOLDAMGBDMN"], "start": "2020-01-01", "end": "2026-07-01", "sub_field": null, "frequency": null}
{"time": "2026-07-03 20:54:43", "source": "fred", "symbols": ["GOLDAMGBDMSPM"], "start": "2020-01-01", "end": "2026-07-01", "sub_field": null, "frequency": null}
{"time": "2026-07-03 20:54:44", "source": "fred", "symbols": ["GOLDAMFGBMN"], "start": "2020-01-01", "end": "2026-07-01", "sub_field": null, "frequency": null}
{"time": "2026-07-03 20:54:44", "source": "fred", "symbols": ["GOLDAMGBDSPM"], "start": "2020-01-01", "end": "2026-07-01", "sub_field": null, "frequency": null}
{"time": "2026-07-03 20:54:44", "source": "fred", "symbols": ["FGDTGDP"], "start": "2020-01-01", "end": "2026-07-01", "sub_field": null, "frequency": null}
{"time": "2026-07-03 20:54:45", "source": "fred", "symbols": ["GDTDEBTGDP"], "start": "2020-01-01", "end": "2026-07-01", "sub_field": null, "frequency": null}
{"time": "2026-07-03 20:54:45", "source": "fred", "symbols": ["CCAYTP"], "start": "2020-01-01", "end": "2026-07-01", "sub_field": null, "frequency": null}
{"time": "2026-07-03 20:54:46", "source": "fred", "symbols": ["CAPE"], "start": "2020-01-01", "end": "2026-07-01", "sub_field": null, "frequency": null}
{"time": "2026-07-03 20:54:46", "source": "fred", "symbols": ["TIAGR"], "start": "2020-01-01", "end": "2026-07-01", "sub_field": null, "frequency": null}
{"time": "2026-07-03 20:54:46", "source": "fred", "symbols": ["FYFSD"], "start": "2020-01-01", "end": "2026-07-01", "sub_field": null, "frequency": null}
{"time": "2026-07-03 20:54:47", "source": "fred", "symbols": ["FDHBFRBN"], "start": "2020-01-01", "end": "2026-07-01", "sub_field": null, "frequency": null}
{"time": "2026-07-03 20:54:56", "source": "fred", "symbols": ["GOLDAMGBDUSDM"], "start": "2020-01-01", "end": "2026-07-01", "sub_field": null, "frequency": null}
{"time": "2026-07-03 20:54:56", "source": "fred", "symbols": ["DGBASPM027SBOG"], "start": "2020-01-01", "end": "2026-07-01", "sub_field": null, "frequency": null}
{"time": "2026-07-03 20:54:56", "source": "fred", "symbols": ["DGBASPM027BOG"], "start": "2020-01-01", "end": "2026-07-01", "sub_field": null, "frequency": null}
{"time": "2026-07-03 20:54:57", "source": "fred", "symbols": ["GDPC96"], "start": "2020-01-01", "end": "2026-07-01", "sub_field": null, "frequency": null}
{"time": "2026-07-03 20:54:57", "source": "fred", "symbols": ["GDPDEBT"], "start": "2020-01-01", "end": "2026-07-01", "sub_field": null, "frequency": null}
{"time": "2026-07-03 20:55:06", "source": "yahoo", "symbols": ["GC=F"], "start": "2020-01-01", "end": "2026-07-01", "sub_field": null, "frequency": "monthly"}
{"time": "2026-07-03 20:55:13", "source": "yahoo", "symbols": ["GC=F"], "start": "2026-01-01", "end": "2026-07-01", "sub_field": null, "frequency": "daily"}
{"time": "2026-07-03 20:55:14", "source": "yahoo", "symbols": ["^GSPC"], "start": "1950-01-01", "end": "2026-07-01", "sub_field": null, "frequency": "monthly"}
{"time": "2026-07-03 20:55:21", "source": "fred", "symbols": ["DGBASPM027SBOG"], "start": "2020-01-01", "end": "2026-07-01", "sub_field": null, "frequency": null}
{"time": "2026-07-03 20:55:21", "source": "fred", "symbols": ["WGC00"], "start": "2020-01-01", "end": "2026-07-01", "sub_field": null, "frequency": null}
{"time": "2026-07-03 20:55:21", "source": "fred", "symbols": ["AMGOLD"], "start": "2020-01-01", "end": "2026-07-01", "sub_field": null, "frequency": null}
{"time": "2026-07-03 20:55:22", "source": "fred", "symbols": ["GOLDPRICE"], "start": "2020-01-01", "end": "2026-07-01", "sub_field": null, "frequency": null}
{"time": "2026-07-03 20:55:49", "source": "fred", "symbols": ["GOLDAMGBD"], "start": "2026-01-01", "end": "2026-07-01", "sub_field": null, "frequency": null}
{"time": "2026-07-03 20:55:49", "source": "fred", "symbols": ["GOLDAMGBDPM"], "start": "2026-01-01", "end": "2026-07-01", "sub_field": null, "frequency": null}
{"time": "2026-07-03 20:55:50", "source": "fred", "symbols": ["GOLDAMGBDMSPM"], "start": "2026-01-01", "end": "2026-07-01", "sub_field": null, "frequency": null}
{"time": "2026-07-03 20:56:00", "source": "fred", "symbols": ["WGC00GBPGBDM"], "start": "2026-01-01", "end": "2026-07-01", "sub_field": null, "frequency": null}
{"time": "2026-07-03 20:56:01", "source": "fred", "symbols": ["WGC00GBPEURM"], "start": "2026-01-01", "end": "2026-07-01", "sub_field": null, "frequency": null}
{"time": "2026-07-03 20:56:02", "source": "fred", "symbols": ["DGBASPM027SBOG"], "start": "2026-01-01", "end": "2026-07-01", "sub_field": null, "frequency": null}
{"time": "2026-07-03 20:56:02", "source": "fred", "symbols": ["GOLDAMGBDUSDM"], "start": "2026-01-01", "end": "2026-07-01", "sub_field": null, "frequency": null}
{"time": "2026-07-03 20:56:17", "source": "stooq", "symbols": ["gold.cf"], "start": "1950-01-01", "end": "2026-07-01", "sub_field": null, "frequency": "1mo"}
{"time": "2026-07-03 20:56:59", "source": "multpl", "symbols": ["shiller_ep"], "start": "1950-01-01", "end": "2026-07-01", "sub_field": null, "frequency": null}
{"time": "2026-07-03 20:57:09", "source": "multpl", "symbols": ["shiller_pe"], "start": "1950-01-01", "end": "2026-07-01", "sub_field": null, "frequency": null}
{"time": "2026-07-03 20:57:20", "source": "yahoo", "symbols": ["GOLD=F"], "start": "1950-01-01", "end": "2026-07-01", "sub_field": null, "frequency": "monthly"}
{"time": "2026-07-03 20:57:37", "source": "fred", "symbols": ["FGDTGDP"], "start": "2000-01-01", "end": "2026-07-01", "sub_field": null, "frequency": null}
{"time": "2026-07-03 20:57:37", "source": "fred", "symbols": ["GDTDEBTGDP"], "start": "2000-01-01", "end": "2026-07-01", "sub_field": null, "frequency": null}
{"time": "2026-07-03 20:57:38", "source": "fred", "symbols": ["GTDTGDP"], "start": "2000-01-01", "end": "2026-07-01", "sub_field": null, "frequency": null}
{"time": "2026-07-03 20:57:38", "source": "fred", "symbols": ["FGDEBT"], "start": "2000-01-01", "end": "2026-07-01", "sub_field": null, "frequency": null}
{"time": "2026-07-03 20:57:38", "source": "fred", "symbols": ["FYOLS"], "start": "2000-01-01", "end": "2026-07-01", "sub_field": null, "frequency": null}
